  Geri y├╝klenecek projeler belirleniyor...
  Geri y├╝kleme i├ğin t├╝m projeler g├╝ncel.
C:\Program Files\dotnet\sdk\9.0.100\Microsoft.Common.CurrentVersion.targets(5322,5): warning MSB3026: "C:\Users\PC\Desktop\unisis entegre\src\Unisis.Web\obj\Debug\net8.0\apphost.exe", "bin\Debug\net8.0\Unisis.Web.exe" ├╝zerine kopyalanamad─▒. 1 numaral─▒ yeniden denemeye 1000 ms i├ğinde ba┼şlanacak. The process cannot access the file 'C:\Users\PC\Desktop\unisis entegre\src\Unisis.Web\bin\Debug\net8.0\Unisis.Web.exe' because it is being used by another process. Dosya ┼şunun taraf─▒ndan kilitlendi: "Unisis.Web (21872)" [C:\Users\PC\Desktop\unisis entegre\src\Unisis.Web\Unisis.Web.csproj]
C:\Program Files\dotnet\sdk\9.0.100\Microsoft.Common.CurrentVersion.targets(5322,5): warning MSB3026: "C:\Users\PC\Desktop\unisis entegre\src\Unisis.Web\obj\Debug\net8.0\apphost.exe", "bin\Debug\net8.0\Unisis.Web.exe" ├╝zerine kopyalanamad─▒. 2 numaral─▒ yeniden denemeye 1000 ms i├ğinde ba┼şlanacak. The process cannot access the file 'C:\Users\PC\Desktop\unisis entegre\src\Unisis.Web\bin\Debug\net8.0\Unisis.Web.exe' because it is being used by another process. Dosya ┼şunun taraf─▒ndan kilitlendi: "Unisis.Web (21872)" [C:\Users\PC\Desktop\unisis entegre\src\Unisis.Web\Unisis.Web.csproj]
C:\Program Files\dotnet\sdk\9.0.100\Microsoft.Common.CurrentVersion.targets(5322,5): warning MSB3026: "C:\Users\PC\Desktop\unisis entegre\src\Unisis.Web\obj\Debug\net8.0\apphost.exe", "bin\Debug\net8.0\Unisis.Web.exe" ├╝zerine kopyalanamad─▒. 3 numaral─▒ yeniden denemeye 1000 ms i├ğinde ba┼şlanacak. The process cannot access the file 'C:\Users\PC\Desktop\unisis entegre\src\Unisis.Web\bin\Debug\net8.0\Unisis.Web.exe' because it is being used by another process. Dosya ┼şunun taraf─▒ndan kilitlendi: "Unisis.Web (21872)" [C:\Users\PC\Desktop\unisis entegre\src\Unisis.Web\Unisis.Web.csproj]
C:\Program Files\dotnet\sdk\9.0.100\Microsoft.Common.CurrentVersion.targets(5322,5): warning MSB3026: "C:\Users\PC\Desktop\unisis entegre\src\Unisis.Web\obj\Debug\net8.0\apphost.exe", "bin\Debug\net8.0\Unisis.Web.exe" ├╝zerine kopyalanamad─▒. 4 numaral─▒ yeniden denemeye 1000 ms i├ğinde ba┼şlanacak. The process cannot access the file 'C:\Users\PC\Desktop\unisis entegre\src\Unisis.Web\bin\Debug\net8.0\Unisis.Web.exe' because it is being used by another process. Dosya ┼şunun taraf─▒ndan kilitlendi: "Unisis.Web (21872)" [C:\Users\PC\Desktop\unisis entegre\src\Unisis.Web\Unisis.Web.csproj]
C:\Program Files\dotnet\sdk\9.0.100\Microsoft.Common.CurrentVersion.targets(5322,5): warning MSB3026: "C:\Users\PC\Desktop\unisis entegre\src\Unisis.Web\obj\Debug\net8.0\apphost.exe", "bin\Debug\net8.0\Unisis.Web.exe" ├╝zerine kopyalanamad─▒. 5 numaral─▒ yeniden denemeye 1000 ms i├ğinde ba┼şlanacak. The process cannot access the file 'C:\Users\PC\Desktop\unisis entegre\src\Unisis.Web\bin\Debug\net8.0\Unisis.Web.exe' because it is being used by another process. Dosya ┼şunun taraf─▒ndan kilitlendi: "Unisis.Web (21872)" [C:\Users\PC\Desktop\unisis entegre\src\Unisis.Web\Unisis.Web.csproj]
C:\Program Files\dotnet\sdk\9.0.100\Microsoft.Common.CurrentVersion.targets(5322,5): warning MSB3026: "C:\Users\PC\Desktop\unisis entegre\src\Unisis.Web\obj\Debug\net8.0\apphost.exe", "bin\Debug\net8.0\Unisis.Web.exe" ├╝zerine kopyalanamad─▒. 6 numaral─▒ yeniden denemeye 1000 ms i├ğinde ba┼şlanacak. The process cannot access the file 'C:\Users\PC\Desktop\unisis entegre\src\Unisis.Web\bin\Debug\net8.0\Unisis.Web.exe' because it is being used by another process. Dosya ┼şunun taraf─▒ndan kilitlendi: "Unisis.Web (21872)" [C:\Users\PC\Desktop\unisis entegre\src\Unisis.Web\Unisis.Web.csproj]
C:\Program Files\dotnet\sdk\9.0.100\Microsoft.Common.CurrentVersion.targets(5322,5): warning MSB3026: "C:\Users\PC\Desktop\unisis entegre\src\Unisis.Web\obj\Debug\net8.0\apphost.exe", "bin\Debug\net8.0\Unisis.Web.exe" ├╝zerine kopyalanamad─▒. 7 numaral─▒ yeniden denemeye 1000 ms i├ğinde ba┼şlanacak. The process cannot access the file 'C:\Users\PC\Desktop\unisis entegre\src\Unisis.Web\bin\Debug\net8.0\Unisis.Web.exe' because it is being used by another process. Dosya ┼şunun taraf─▒ndan kilitlendi: "Unisis.Web (21872)" [C:\Users\PC\Desktop\unisis entegre\src\Unisis.Web\Unisis.Web.csproj]
C:\Program Files\dotnet\sdk\9.0.100\Microsoft.Common.CurrentVersion.targets(5322,5): warning MSB3026: "C:\Users\PC\Desktop\unisis entegre\src\Unisis.Web\obj\Debug\net8.0\apphost.exe", "bin\Debug\net8.0\Unisis.Web.exe" ├╝zerine kopyalanamad─▒. 8 numaral─▒ yeniden denemeye 1000 ms i├ğinde ba┼şlanacak. The process cannot access the file 'C:\Users\PC\Desktop\unisis entegre\src\Unisis.Web\bin\Debug\net8.0\Unisis.Web.exe' because it is being used by another process. Dosya ┼şunun taraf─▒ndan kilitlendi: "Unisis.Web (21872)" [C:\Users\PC\Desktop\unisis entegre\src\Unisis.Web\Unisis.Web.csproj]
C:\Program Files\dotnet\sdk\9.0.100\Microsoft.Common.CurrentVersion.targets(5322,5): warning MSB3026: "C:\Users\PC\Desktop\unisis entegre\src\Unisis.Web\obj\Debug\net8.0\apphost.exe", "bin\Debug\net8.0\Unisis.Web.exe" ├╝zerine kopyalanamad─▒. 9 numaral─▒ yeniden denemeye 1000 ms i├ğinde ba┼şlanacak. The process cannot access the file 'C:\Users\PC\Desktop\unisis entegre\src\Unisis.Web\bin\Debug\net8.0\Unisis.Web.exe' because it is being used by another process. Dosya ┼şunun taraf─▒ndan kilitlendi: "Unisis.Web (21872)" [C:\Users\PC\Desktop\unisis entegre\src\Unisis.Web\Unisis.Web.csproj]
C:\Program Files\dotnet\sdk\9.0.100\Microsoft.Common.CurrentVersion.targets(5322,5): warning MSB3026: "C:\Users\PC\Desktop\unisis entegre\src\Unisis.Web\obj\Debug\net8.0\apphost.exe", "bin\Debug\net8.0\Unisis.Web.exe" ├╝zerine kopyalanamad─▒. 10 numaral─▒ yeniden denemeye 1000 ms i├ğinde ba┼şlanacak. The process cannot access the file 'C:\Users\PC\Desktop\unisis entegre\src\Unisis.Web\bin\Debug\net8.0\Unisis.Web.exe' because it is being used by another process. Dosya ┼şunun taraf─▒ndan kilitlendi: "Unisis.Web (21872)" [C:\Users\PC\Desktop\unisis entegre\src\Unisis.Web\Unisis.Web.csproj]
C:\Program Files\dotnet\sdk\9.0.100\Microsoft.Common.CurrentVersion.targets(5322,5): error MSB3027: "C:\Users\PC\Desktop\unisis entegre\src\Unisis.Web\obj\Debug\net8.0\apphost.exe", "bin\Debug\net8.0\Unisis.Web.exe" ├╝zerine kopyalanamad─▒. 10 yeniden deneme say─▒s─▒ a┼ş─▒ld─▒. Ba┼şar─▒s─▒z oldu. Dosya ┼şunun taraf─▒ndan kilitlendi: "Unisis.Web (21872)" [C:\Users\PC\Desktop\unisis entegre\src\Unisis.Web\Unisis.Web.csproj]
C:\Program Files\dotnet\sdk\9.0.100\Microsoft.Common.CurrentVersion.targets(5322,5): error MSB3021: "C:\Users\PC\Desktop\unisis entegre\src\Unisis.Web\obj\Debug\net8.0\apphost.exe" dosyas─▒ "bin\Debug\net8.0\Unisis.Web.exe" ├╝zerine kopyalanam─▒yor. The process cannot access the file 'C:\Users\PC\Desktop\unisis entegre\src\Unisis.Web\bin\Debug\net8.0\Unisis.Web.exe' because it is being used by another process. [C:\Users\PC\Desktop\unisis entegre\src\Unisis.Web\Unisis.Web.csproj]

Olu┼şturma BA┼ŞARISIZ OLDU.

C:\Program Files\dotnet\sdk\9.0.100\Microsoft.Common.CurrentVersion.targets(5322,5): warning MSB3026: "C:\Users\PC\Desktop\unisis entegre\src\Unisis.Web\obj\Debug\net8.0\apphost.exe", "bin\Debug\net8.0\Unisis.Web.exe" ├╝zerine kopyalanamad─▒. 1 numaral─▒ yeniden denemeye 1000 ms i├ğinde ba┼şlanacak. The process cannot access the file 'C:\Users\PC\Desktop\unisis entegre\src\Unisis.Web\bin\Debug\net8.0\Unisis.Web.exe' because it is being used by another process. Dosya ┼şunun taraf─▒ndan kilitlendi: "Unisis.Web (21872)" [C:\Users\PC\Desktop\unisis entegre\src\Unisis.Web\Unisis.Web.csproj]
C:\Program Files\dotnet\sdk\9.0.100\Microsoft.Common.CurrentVersion.targets(5322,5): warning MSB3026: "C:\Users\PC\Desktop\unisis entegre\src\Unisis.Web\obj\Debug\net8.0\apphost.exe", "bin\Debug\net8.0\Unisis.Web.exe" ├╝zerine kopyalanamad─▒. 2 numaral─▒ yeniden denemeye 1000 ms i├ğinde ba┼şlanacak. The process cannot access the file 'C:\Users\PC\Desktop\unisis entegre\src\Unisis.Web\bin\Debug\net8.0\Unisis.Web.exe' because it is being used by another process. Dosya ┼şunun taraf─▒ndan kilitlendi: "Unisis.Web (21872)" [C:\Users\PC\Desktop\unisis entegre\src\Unisis.Web\Unisis.Web.csproj]
C:\Program Files\dotnet\sdk\9.0.100\Microsoft.Common.CurrentVersion.targets(5322,5): warning MSB3026: "C:\Users\PC\Desktop\unisis entegre\src\Unisis.Web\obj\Debug\net8.0\apphost.exe", "bin\Debug\net8.0\Unisis.Web.exe" ├╝zerine kopyalanamad─▒. 3 numaral─▒ yeniden denemeye 1000 ms i├ğinde ba┼şlanacak. The process cannot access the file 'C:\Users\PC\Desktop\unisis entegre\src\Unisis.Web\bin\Debug\net8.0\Unisis.Web.exe' because it is being used by another process. Dosya ┼şunun taraf─▒ndan kilitlendi: "Unisis.Web (21872)" [C:\Users\PC\Desktop\unisis entegre\src\Unisis.Web\Unisis.Web.csproj]
C:\Program Files\dotnet\sdk\9.0.100\Microsoft.Common.CurrentVersion.targets(5322,5): warning MSB3026: "C:\Users\PC\Desktop\unisis entegre\src\Unisis.Web\obj\Debug\net8.0\apphost.exe", "bin\Debug\net8.0\Unisis.Web.exe" ├╝zerine kopyalanamad─▒. 4 numaral─▒ yeniden denemeye 1000 ms i├ğinde ba┼şlanacak. The process cannot access the file 'C:\Users\PC\Desktop\unisis entegre\src\Unisis.Web\bin\Debug\net8.0\Unisis.Web.exe' because it is being used by another process. Dosya ┼şunun taraf─▒ndan kilitlendi: "Unisis.Web (21872)" [C:\Users\PC\Desktop\unisis entegre\src\Unisis.Web\Unisis.Web.csproj]
C:\Program Files\dotnet\sdk\9.0.100\Microsoft.Common.CurrentVersion.targets(5322,5): warning MSB3026: "C:\Users\PC\Desktop\unisis entegre\src\Unisis.Web\obj\Debug\net8.0\apphost.exe", "bin\Debug\net8.0\Unisis.Web.exe" ├╝zerine kopyalanamad─▒. 5 numaral─▒ yeniden denemeye 1000 ms i├ğinde ba┼şlanacak. The process cannot access the file 'C:\Users\PC\Desktop\unisis entegre\src\Unisis.Web\bin\Debug\net8.0\Unisis.Web.exe' because it is being used by another process. Dosya ┼şunun taraf─▒ndan kilitlendi: "Unisis.Web (21872)" [C:\Users\PC\Desktop\unisis entegre\src\Unisis.Web\Unisis.Web.csproj]
C:\Program Files\dotnet\sdk\9.0.100\Microsoft.Common.CurrentVersion.targets(5322,5): warning MSB3026: "C:\Users\PC\Desktop\unisis entegre\src\Unisis.Web\obj\Debug\net8.0\apphost.exe", "bin\Debug\net8.0\Unisis.Web.exe" ├╝zerine kopyalanamad─▒. 6 numaral─▒ yeniden denemeye 1000 ms i├ğinde ba┼şlanacak. The process cannot access the file 'C:\Users\PC\Desktop\unisis entegre\src\Unisis.Web\bin\Debug\net8.0\Unisis.Web.exe' because it is being used by another process. Dosya ┼şunun taraf─▒ndan kilitlendi: "Unisis.Web (21872)" [C:\Users\PC\Desktop\unisis entegre\src\Unisis.Web\Unisis.Web.csproj]
C:\Program Files\dotnet\sdk\9.0.100\Microsoft.Common.CurrentVersion.targets(5322,5): warning MSB3026: "C:\Users\PC\Desktop\unisis entegre\src\Unisis.Web\obj\Debug\net8.0\apphost.exe", "bin\Debug\net8.0\Unisis.Web.exe" ├╝zerine kopyalanamad─▒. 7 numaral─▒ yeniden denemeye 1000 ms i├ğinde ba┼şlanacak. The process cannot access the file 'C:\Users\PC\Desktop\unisis entegre\src\Unisis.Web\bin\Debug\net8.0\Unisis.Web.exe' because it is being used by another process. Dosya ┼şunun taraf─▒ndan kilitlendi: "Unisis.Web (21872)" [C:\Users\PC\Desktop\unisis entegre\src\Unisis.Web\Unisis.Web.csproj]
C:\Program Files\dotnet\sdk\9.0.100\Microsoft.Common.CurrentVersion.targets(5322,5): warning MSB3026: "C:\Users\PC\Desktop\unisis entegre\src\Unisis.Web\obj\Debug\net8.0\apphost.exe", "bin\Debug\net8.0\Unisis.Web.exe" ├╝zerine kopyalanamad─▒. 8 numaral─▒ yeniden denemeye 1000 ms i├ğinde ba┼şlanacak. The process cannot access the file 'C:\Users\PC\Desktop\unisis entegre\src\Unisis.Web\bin\Debug\net8.0\Unisis.Web.exe' because it is being used by another process. Dosya ┼şunun taraf─▒ndan kilitlendi: "Unisis.Web (21872)" [C:\Users\PC\Desktop\unisis entegre\src\Unisis.Web\Unisis.Web.csproj]
C:\Program Files\dotnet\sdk\9.0.100\Microsoft.Common.CurrentVersion.targets(5322,5): warning MSB3026: "C:\Users\PC\Desktop\unisis entegre\src\Unisis.Web\obj\Debug\net8.0\apphost.exe", "bin\Debug\net8.0\Unisis.Web.exe" ├╝zerine kopyalanamad─▒. 9 numaral─▒ yeniden denemeye 1000 ms i├ğinde ba┼şlanacak. The process cannot access the file 'C:\Users\PC\Desktop\unisis entegre\src\Unisis.Web\bin\Debug\net8.0\Unisis.Web.exe' because it is being used by another process. Dosya ┼şunun taraf─▒ndan kilitlendi: "Unisis.Web (21872)" [C:\Users\PC\Desktop\unisis entegre\src\Unisis.Web\Unisis.Web.csproj]
C:\Program Files\dotnet\sdk\9.0.100\Microsoft.Common.CurrentVersion.targets(5322,5): warning MSB3026: "C:\Users\PC\Desktop\unisis entegre\src\Unisis.Web\obj\Debug\net8.0\apphost.exe", "bin\Debug\net8.0\Unisis.Web.exe" ├╝zerine kopyalanamad─▒. 10 numaral─▒ yeniden denemeye 1000 ms i├ğinde ba┼şlanacak. The process cannot access the file 'C:\Users\PC\Desktop\unisis entegre\src\Unisis.Web\bin\Debug\net8.0\Unisis.Web.exe' because it is being used by another process. Dosya ┼şunun taraf─▒ndan kilitlendi: "Unisis.Web (21872)" [C:\Users\PC\Desktop\unisis entegre\src\Unisis.Web\Unisis.Web.csproj]
C:\Program Files\dotnet\sdk\9.0.100\Microsoft.Common.CurrentVersion.targets(5322,5): error MSB3027: "C:\Users\PC\Desktop\unisis entegre\src\Unisis.Web\obj\Debug\net8.0\apphost.exe", "bin\Debug\net8.0\Unisis.Web.exe" ├╝zerine kopyalanamad─▒. 10 yeniden deneme say─▒s─▒ a┼ş─▒ld─▒. Ba┼şar─▒s─▒z oldu. Dosya ┼şunun taraf─▒ndan kilitlendi: "Unisis.Web (21872)" [C:\Users\PC\Desktop\unisis entegre\src\Unisis.Web\Unisis.Web.csproj]
C:\Program Files\dotnet\sdk\9.0.100\Microsoft.Common.CurrentVersion.targets(5322,5): error MSB3021: "C:\Users\PC\Desktop\unisis entegre\src\Unisis.Web\obj\Debug\net8.0\apphost.exe" dosyas─▒ "bin\Debug\net8.0\Unisis.Web.exe" ├╝zerine kopyalanam─▒yor. The process cannot access the file 'C:\Users\PC\Desktop\unisis entegre\src\Unisis.Web\bin\Debug\net8.0\Unisis.Web.exe' because it is being used by another process. [C:\Users\PC\Desktop\unisis entegre\src\Unisis.Web\Unisis.Web.csproj]
    10 Uyar─▒
    2 Hata

Ge├ğen S├╝re 00:00:14.35

─░┼ş y├╝k├╝ g├╝ncelle┼ştirmeleri var. Daha fazla bilgi i├ğin `dotnet workload list` ├ğal─▒┼şt─▒r─▒n.
